Build type: linux-g++ (x86_64, CPU features: mmx sse sse2)
Compiler: gcc 5.4.0
Configuration: use_gold_linker sse2 aesni sse3 ssse3 sse4_1 sse4_2 avx avx2 avx512f avx512bw avx512cd avx512dq avx512er avx512ifma avx512pf avx512vbmi avx512vl compile_examples enable_new_dtags f16c largefile precompile_header rdrnd shani x86SimdAlways shared rpath release c++11 c++14 concurrent dbus reduce_exports reduce_relocations stl
Build options:
  Mode ................................... release
  Optimize release build for size ........ no
  Building shared libraries .............. yes
  Using C standard ....................... C11
  Using C++ standard ..................... C++14
  Using ccache ........................... no
  Using gold linker ...................... yes
  Using new DTAGS ........................ yes
  Using precompiled headers .............. yes
  Using LTCG ............................. no
  Target compiler supports:
    SSE .................................. SSE2 SSE3 SSSE3 SSE4.1 SSE4.2
    AVX .................................. AVX AVX2
    AVX512 ............................... F ER CD PF DQ BW VL IFMA VBMI
    Other x86 ............................ AES F16C RDRAND SHA
    Intrinsics without -mXXX option ...... yes
  Build parts ............................ libs examples tools
Qt modules and options:
  Qt Concurrent .......................... yes
  Qt D-Bus ............................... yes
  Qt D-Bus directly linked to libdbus .... yes
  Qt Gui ................................. yes
  Qt Network ............................. yes
  Qt Sql ................................. yes
  Qt Testlib ............................. yes
  Qt Widgets ............................. yes
  Qt Xml ................................. yes
Support enabled for:
  Using pkg-config ....................... yes
  udev ................................... yes
  Using system zlib ...................... yes
Qt Core:
  DoubleConversion ....................... yes
    Using system DoubleConversion ........ no
  GLib ................................... yes
  iconv .................................. no
  ICU .................................... yes
  Tracing backend ........................ <none>
  Logging backends:
    journald ............................. no
    syslog ............................... no
    slog2 ................................ no
  Using system PCRE2 ..................... no
Qt Network:
  getifaddrs() ........................... yes
  IPv6 ifname ............................ yes
  libproxy ............................... no
  Linux AF_NETLINK ....................... yes
  OpenSSL ................................ yes
    Qt directly linked to OpenSSL ........ no
  OpenSSL 1.1 ............................ no
  DTLS ................................... yes
  SCTP ................................... no
  Use system proxies ..................... yes
Qt Gui:
  Accessibility .......................... yes
  FreeType ............................... yes
    Using system FreeType ................ yes
  HarfBuzz ............................... yes
    Using system HarfBuzz ................ no
  Fontconfig ............................. yes
  Image formats:
    GIF .................................. yes
    ICO .................................. yes
    JPEG ................................. yes
      Using system libjpeg ............... yes
    PNG .................................. yes
      Using system libpng ................ yes
  EGL .................................... yes
  OpenVG ................................. no
  OpenGL:
    Desktop OpenGL ....................... yes
    OpenGL ES 2.0 ........................ no
    OpenGL ES 3.0 ........................ no
    OpenGL ES 3.1 ........................ no
    OpenGL ES 3.2 ........................ no
  Vulkan ................................. no
  Session Management ..................... yes
Features used by QPA backends:
  evdev .................................. yes
  libinput ............................... no
  INTEGRITY HID .......................... no
  mtdev .................................. no
  tslib .................................. no
  xkbcommon .............................. yes
  X11 specific:
    XLib ................................. yes
    XCB Xlib ............................. yes
    EGL on X11 ........................... yes
QPA backends:
  DirectFB ............................... no
  EGLFS .................................. yes
  EGLFS details:
    EGLFS OpenWFD ........................ no
    EGLFS i.Mx6 .......................... no
    EGLFS i.Mx6 Wayland .................. no
    EGLFS RCAR ........................... no
    EGLFS EGLDevice ...................... yes
    EGLFS GBM ............................ no
    EGLFS VSP2 ........................... no
    EGLFS Mali ........................... no
    EGLFS Raspberry Pi ................... no
    EGLFS X11 ............................ yes
  LinuxFB ................................ yes
  VNC .................................... yes
  Mir client ............................. no
  XCB:
    Using system-provided XCB libraries .. no
    XCB XKB .............................. no
    XCB XInput ........................... yes
    Native painting (experimental) ....... yes
    GL integrations:
      GLX Plugin ......................... yes
        XCB GLX .......................... yes
      EGL-X11 Plugin ..................... yes
Qt Sql:
  SQL item models ........................ yes
Qt Widgets:
  GTK+ ................................... yes
  Styles ................................. Fusion Windows
Qt PrintSupport:
  CUPS ................................... no
Qt Sql Drivers:
  DB2 (IBM) .............................. no
  InterBase .............................. no
  MySql .................................. yes
  OCI (Oracle) ........................... no
  ODBC ................................... yes
  PostgreSQL ............................. yes
  SQLite2 ................................ no
  SQLite ................................. yes
    Using system provided SQLite ......... no
  TDS (Sybase) ........................... no
Qt Testlib:
  Tester for item models ................. yes
Qt SerialBus:
  Socket CAN ............................. yes
  Socket CAN FD .......................... yes
Further Image Formats:
  JasPer ................................. yes
  MNG .................................... no
  TIFF ................................... yes
    Using system libtiff ................. yes
  WEBP ................................... yes
    Using system libwebp ................. yes
Qt QML:
  QML network support .................... yes
  QML debugging and profiling support .... yes
  QML sequence object .................... yes
  QML list model ......................... yes
  QML XML http request ................... yes
  QML Locale ............................. yes
  QML delegate model ..................... yes
Qt Quick:
  Direct3D 12 ............................ no
  AnimatedImage item ..................... yes
  Canvas item ............................ yes
  Support for Qt Quick Designer .......... yes
  Flipable item .......................... yes
  GridView item .......................... yes
  ListView item .......................... yes
  TableView item ......................... yes
  Path support ........................... yes
  PathView item .......................... yes
  Positioner items ....................... yes
  Repeater item .......................... yes
  ShaderEffect item ...................... yes
  Sprite item ............................ yes
Qt Scxml:
  ECMAScript data model for QtScxml ...... yes
Qt Gamepad:
  SDL2 ................................... no
Qt 3D:
  Assimp ................................. yes
  System Assimp .......................... no
  Output Qt3D Job traces ................. no
  Output Qt3D GL traces .................. no
  Use SSE2 instructions .................. yes
  Use AVX2 instructions .................. no
  Aspects:
    Render aspect ........................ yes
    Input aspect ......................... yes
    Logic aspect ......................... yes
    Animation aspect ..................... yes
    Extras aspect ........................ yes
Qt 3D Renderers:
  OpenGL Renderer ........................ yes
Qt 3D GeometryLoaders:
  Autodesk FBX ........................... no
Qt Wayland Drivers:
  EGL .................................... yes
  Raspberry Pi ........................... no
  XComposite EGL ......................... yes
  XComposite GLX ......................... yes
  DRM EGL ................................ yes
  libhybris EGL .......................... no
  Linux dma-buf server buffer integration . yes
  Vulkan-based server buffer integration . no
  Shm emulation server buffer integration . yes
Qt Wayland Client ........................ yes
Qt Wayland Compositor .................... yes
Qt Wayland Compositor Layer Plugins:
  VSP2 hardware layer integration ........ no
Qt Bluetooth:
  BlueZ .................................. no
  BlueZ Low Energy ....................... no
  Linux Crypto API ....................... no
  WinRT Bluetooth API (desktop & UWP) .... no
Qt Sensors:
  sensorfw ............................... no
Qt Quick Controls 2:
  Styles ................................. Default Fusion Imagine Material Universal
Qt Quick Templates 2:
  Hover support .......................... yes
  Multi-touch support .................... yes
Qt Positioning:
  Gypsy GPS Daemon ....................... no
  WinRT Geolocation API .................. no
Qt Location:
  Qt.labs.location experimental QML plugin . yes
  Geoservice plugins:
    OpenStreetMap ........................ yes
    HERE ................................. yes
    Esri ................................. yes
    Mapbox ............................... yes
    MapboxGL ............................. yes
    Itemsoverlay ......................... yes
QtXmlPatterns:
  XML schema support ..................... yes
Qt Multimedia:
  ALSA ................................... yes
  GStreamer 1.0 .......................... no
  GStreamer 0.10 ......................... yes
  Video for Linux ........................ yes
  OpenAL ................................. no
  PulseAudio ............................. yes
  Resource Policy (libresourceqt5) ....... no
  Windows Audio Services ................. no
  DirectShow ............................. no
  Windows Media Foundation ............... no
Qt Tools:
  QDoc ................................... no
Qt WebEngine:
  Embedded build ......................... no
  Full debug information ................. no
  Pepper Plugins ......................... yes
  Printing and PDF ....................... yes
  Proprietary Codecs ..................... no
  Spellchecker ........................... yes
  Native Spellchecker .................... no
  WebRTC ................................. yes
  Use System Ninja ....................... no
  Geolocation ............................ yes
  WebChannel support ..................... yes
  Use v8 snapshot ........................ yes
  Kerberos Authentication ................ no
  Support qpa-xcb ........................ yes
  Use ALSA ............................... yes
  Use PulseAudio ......................... yes
  Optional system libraries used:
    re2 .................................. no
    icu .................................. no
    libwebp, libwebpmux and libwebpdemux . yes
    opus ................................. no
    ffmpeg ............................... no
    libvpx ............................... no
    snappy ............................... yes
    glib ................................. yes
    zlib ................................. yes
    minizip .............................. no
    libevent ............................. yes
    jsoncpp .............................. yes
    protobuf ............................. yes
    libxml2 and libxslt .................. no
    lcms2 ................................ no
    png .................................. no
    JPEG ................................. no
    harfbuzz ............................. no
    freetype ............................. yes
  Required system libraries:
    fontconfig ........................... yes
    dbus ................................. yes
    nss .................................. no
    khr .................................. yes
    glibc ................................ yes
  Required system libraries for qpa-xcb:
    x11 .................................. yes
    libdrm ............................... yes
    xcomposite ........................... yes
    xcursor .............................. yes
    xi ................................... yes
    xtst ................................. yes

Note: Also available for Linux: linux-clang linux-icc

WARNING: QDoc will not be compiled, probably because libclang could not be located. This means that you cannot build the Qt documentation.

Either ensure that llvm-config is in your PATH environment variable, or set LLVM_INSTALL_DIR to the location of your llvm installation.
On Linux systems, you may be able to install libclang by installing the libclang-dev or libclang-devel package, depending on your distribution.
On macOS, you can use Homebrew's llvm package.
On Windows, you must set LLVM_INSTALL_DIR to the installation path.

WARNING: gperf is required to build QtWebEngine.

WARNING: bison is required to build QtWebEngine.

WARNING: flex is required to build QtWebEngine.
